Traceback (most recent call last):
  File "/home/linuxuser/crypto_trader_package/main_trader.py", line 20, in <module>
    main()
  File "/home/linuxuser/crypto_trader_package/main_trader.py", line 11, in main
    logging.basicConfig(filename=f"trade_logs/trade_{datetime.now().date()}.log", level=logging.INFO, format="%(asctime)s [%(levelname)s] %(message)s")
  File "/usr/lib/python3.10/logging/__init__.py", line 2040, in basicConfig
    h = FileHandler(filename, mode,
  File "/usr/lib/python3.10/logging/__init__.py", line 1169, in __init__
    StreamHandler.__init__(self, self._open())
  File "/usr/lib/python3.10/logging/__init__.py", line 1201, in _open
    return open_func(self.baseFilename, self.mode,
FileNotFoundError: [Errno 2] No such file or directory: '/home/linuxuser/trade_logs/trade_2025-07-28.log'
Traceback (most recent call last):
  File "/home/linuxuser/crypto_trader_package/main_trader.py", line 20, in <module>
    main()
  File "/home/linuxuser/crypto_trader_package/main_trader.py", line 11, in main
    logging.basicConfig(filename=f"trade_logs/trade_{datetime.now().date()}.log", level=logging.INFO, format="%(asctime)s [%(levelname)s] %(message)s")
  File "/usr/lib/python3.10/logging/__init__.py", line 2040, in basicConfig
    h = FileHandler(filename, mode,
  File "/usr/lib/python3.10/logging/__init__.py", line 1169, in __init__
    StreamHandler.__init__(self, self._open())
  File "/usr/lib/python3.10/logging/__init__.py", line 1201, in _open
    return open_func(self.baseFilename, self.mode,
FileNotFoundError: [Errno 2] No such file or directory: '/home/linuxuser/trade_logs/trade_2025-07-28.log'
